// Jest Snapshot v1, https://goo.gl/fbAQLP

exports[`DatePicker Renders correctly 1`] = `ShallowWrapper {}`;
